// Vitest Snapshot v1, https://vitest.dev/guide/snapshot.html

exports[`Clothes component > renders correct product data from route 1`] = `
{
  "asFragment": [Function],
  "baseElement": <body>
    <div>
      <div>
        <div
          data-testid="header"
        >
          Header
        </div>
        <div
          class="_layout_f85ef2"
        >
          <img
            alt="Blue Shirt"
            src="https://example.com/shirt.jpg"
          />
          <div
            class="_inner_f85ef2"
          >
            <div
              class="_title_f85ef2"
            >
              <p
                class="_name_f85ef2"
              >
                BLUE SHIRT
              </p>
              <p
                class="_text_f85ef2"
              >
                $20.00
              </p>
            </div>
            <div
              class="_price_f85ef2"
            >
              <p>
                COLOR: 
                Blue
              </p>
              <img
                alt="Blue Shirt"
                src="https://example.com/shirt.jpg"
              />
            </div>
            <div
              class="_buttonDiv_f85ef2"
            >
              <button>
                ADD TO CART
              </button>
            </div>
          </div>
        </div>
      </div>
    </div>
  </body>,
  "container": <div>
    <div>
      <div
        data-testid="header"
      >
        Header
      </div>
      <div
        class="_layout_f85ef2"
      >
        <img
          alt="Blue Shirt"
          src="https://example.com/shirt.jpg"
        />
        <div
          class="_inner_f85ef2"
        >
          <div
            class="_title_f85ef2"
          >
            <p
              class="_name_f85ef2"
            >
              BLUE SHIRT
            </p>
            <p
              class="_text_f85ef2"
            >
              $20.00
            </p>
          </div>
          <div
            class="_price_f85ef2"
          >
            <p>
              COLOR: 
              Blue
            </p>
            <img
              alt="Blue Shirt"
              src="https://example.com/shirt.jpg"
            />
          </div>
          <div
            class="_buttonDiv_f85ef2"
          >
            <button>
              ADD TO CART
            </button>
          </div>
        </div>
      </div>
    </div>
  </div>,
  "debug": [Function],
  "findAllByAltText": [Function],
  "findAllByDisplayValue": [Function],
  "findAllByLabelText": [Function],
  "findAllByPlaceholderText": [Function],
  "findAllByRole": [Function],
  "findAllByTestId": [Function],
  "findAllByText": [Function],
  "findAllByTitle": [Function],
  "findByAltText": [Function],
  "findByDisplayValue": [Function],
  "findByLabelText": [Function],
  "findByPlaceholderText": [Function],
  "findByRole": [Function],
  "findByTestId": [Function],
  "findByText": [Function],
  "findByTitle": [Function],
  "getAllByAltText": [Function],
  "getAllByDisplayValue": [Function],
  "getAllByLabelText": [Function],
  "getAllByPlaceholderText": [Function],
  "getAllByRole": [Function],
  "getAllByTestId": [Function],
  "getAllByText": [Function],
  "getAllByTitle": [Function],
  "getByAltText": [Function],
  "getByDisplayValue": [Function],
  "getByLabelText": [Function],
  "getByPlaceholderText": [Function],
  "getByRole": [Function],
  "getByTestId": [Function],
  "getByText": [Function],
  "getByTitle": [Function],
  "queryAllByAltText": [Function],
  "queryAllByDisplayValue": [Function],
  "queryAllByLabelText": [Function],
  "queryAllByPlaceholderText": [Function],
  "queryAllByRole": [Function],
  "queryAllByTestId": [Function],
  "queryAllByText": [Function],
  "queryAllByTitle": [Function],
  "queryByAltText": [Function],
  "queryByDisplayValue": [Function],
  "queryByLabelText": [Function],
  "queryByPlaceholderText": [Function],
  "queryByRole": [Function],
  "queryByTestId": [Function],
  "queryByText": [Function],
  "queryByTitle": [Function],
  "rerender": [Function],
  "unmount": [Function],
}
`;
